2025-06-21 20:44:00 | INFO | repo=pv243-2015-management-seminar | action=edit | files=5
2025-08-03 18:18:00 | WARN | repo=pv243-2015-management-seminar | action=commit
2025-03-07 09:14:00 | INFO | repo=pv243-2015-management-seminar | action=commit
2025-10-25 19:58:00 | WARN | repo=pv243-2015-management-seminar | action=edit | files=2
2025-04-17 10:17:00 | DEBUG | repo=pv243-2015-management-seminar | action=commit
2025-01-18 08:09:00 | WARN | repo=pv243-2015-management-seminar | action=edit | files=1
2025-02-08 09:13:00 | INFO | repo=pv243-2015-management-seminar | action=commit
2025-08-02 07:28:00 | INFO | repo=pv243-2015-management-seminar | action=test | passed=true
2025-03-07 20:22:00 | WARN | repo=pv243-2015-management-seminar | action=commit
2025-06-03 17:00:00 | WARN | repo=pv243-2015-management-seminar | action=edit | files=1
2025-04-03 13:33:00 | WARN | repo=pv243-2015-management-seminar | action=test | passed=true
2025-09-08 08:23:00 | INFO | repo=pv243-2015-management-seminar | action=commit
2025-04-18 13:28:00 | INFO | repo=pv243-2015-management-seminar | action=commit
2025-08-15 20:28:00 | DEBUG | repo=pv243-2015-management-seminar | action=commit
2025-11-23 15:21:00 | INFO | repo=pv243-2015-management-seminar | action=pull
2025-08-03 13:01:00 | WARN | repo=pv243-2015-management-seminar | action=commit
2025-01-19 14:37:00 | INFO | repo=pv243-2015-management-seminar | action=commit
2025-09-11 07:57:00 | WARN | repo=pv243-2015-management-seminar | action=commit
2025-04-09 17:30:00 | DEBUG | repo=pv243-2015-management-seminar | action=commit
2025-03-07 11:31:00 | DEBUG | repo=pv243-2015-management-seminar | action=commit
2025-02-21 11:47:00 | DEBUG | repo=pv243-2015-management-seminar | action=commit
2025-11-04 07:16:00 | DEBUG | repo=pv243-2015-management-seminar | action=commit
2025-10-26 10:29:00 | INFO | repo=pv243-2015-management-seminar | action=edit | files=4
2025-12-06 10:40:00 | WARN | repo=pv243-2015-management-seminar | action=commit
2025-04-24 13:05:00 | WARN | repo=pv243-2015-management-seminar | action=commit
2025-12-04 19:56:00 | DEBUG | repo=pv243-2015-management-seminar | action=commit
2025-12-22 21:02:00 | INFO | repo=pv243-2015-management-seminar | action=commit
2025-02-01 11:13:00 | DEBUG | repo=pv243-2015-management-seminar | action=commit
2025-04-14 07:44:00 | INFO | repo=pv243-2015-management-seminar | action=commit
2025-12-25 20:31:00 | WARN | repo=pv243-2015-management-seminar | action=pull
2025-07-15 13:21:00 | WARN | repo=pv243-2015-management-seminar | action=commit
2025-02-17 08:20:00 | DEBUG | repo=pv243-2015-management-seminar | action=edit | files=4
2025-04-25 16:58:00 | DEBUG | repo=pv243-2015-management-seminar | action=commit
2025-02-19 15:36:00 | INFO | repo=pv243-2015-management-seminar | action=commit
2025-01-23 20:24:00 | WARN | repo=pv243-2015-management-seminar | action=pull
2025-12-28 11:06:00 | INFO | repo=pv243-2015-management-seminar | action=commit
2025-10-26 12:05:00 | DEBUG | repo=pv243-2015-management-seminar | action=commit
2025-05-20 15:49:00 | INFO | repo=pv243-2015-management-seminar | action=commit
2025-09-28 07:26:00 | DEBUG | repo=pv243-2015-management-seminar | action=commit
2025-07-07 20:31:00 | WARN | repo=pv243-2015-management-seminar | action=commit
2025-12-20 20:53:00 | WARN | repo=pv243-2015-management-seminar | action=commit
2025-05-26 09:14:00 | DEBUG | repo=pv243-2015-management-seminar | action=test | passed=true
2025-08-27 15:39:00 | INFO | repo=pv243-2015-management-seminar | action=commit
2025-04-28 12:32:00 | INFO | repo=pv243-2015-management-seminar | action=edit | files=3
2025-12-09 11:07:00 | DEBUG | repo=pv243-2015-management-seminar | action=commit
2025-11-26 08:48:00 | WARN | repo=pv243-2015-management-seminar | action=commit
2025-10-16 19:24:00 | INFO | repo=pv243-2015-management-seminar | action=test | passed=true
2025-08-23 21:40:00 | INFO | repo=pv243-2015-management-seminar | action=commit
2025-02-08 09:08:00 | DEBUG | repo=pv243-2015-management-seminar | action=commit
2025-01-22 09:43:00 | INFO | repo=pv243-2015-management-seminar | action=commit
2025-03-01 09:45:00 | WARN | repo=pv243-2015-management-seminar | action=test | passed=true
2025-10-18 07:07:00 | WARN | repo=pv243-2015-management-seminar | action=test | passed=true
2025-10-28 10:02:00 | INFO | repo=pv243-2015-management-seminar | action=test | passed=true
2025-08-08 12:24:00 | DEBUG | repo=pv243-2015-management-seminar | action=pull
2025-02-01 14:55:00 | DEBUG | repo=pv243-2015-management-seminar | action=commit
